===== JOB START =====
Running stream | intel | Threads=4
Loaded compiler: intel
/opt/intel/oneapi/mpi/2021.17/bin/mpirun
CC=icc
Total cores: 4
OMP threads: 4
MPI procs: 1
-------------------------------------------------------------
STREAM version $Revision: 5.10 $
-------------------------------------------------------------
This system uses 8 bytes per array element.
-------------------------------------------------------------
Array size = 80000000 (elements), Offset = 0 (elements)
Memory per array = 610.4 MiB (= 0.6 GiB).
Total memory required = 1831.1 MiB (= 1.8 GiB).
Each kernel will be executed 10 times.
 The *best* time for each kernel (excluding the first iteration)
 will be used to compute the reported bandwidth.
-------------------------------------------------------------
Number of Threads requested = 4
Number of Threads counted = 4
-------------------------------------------------------------
Your clock granularity/precision appears to be 1 microseconds.
Each test below will take on the order of 117764 microseconds.
   (= 117764 clock ticks)
Increase the size of the arrays if this shows that
you are not getting at least 20 clock ticks per test.
-------------------------------------------------------------
WARNING -- The above is only a rough guideline.
For best results, please be sure you know the
precision of your system timer.
-------------------------------------------------------------
Function    Best Rate MB/s  Avg time     Min time     Max time
Copy:           13611.0     0.119321     0.094042     0.158228
Scale:           9313.1     0.171171     0.137441     0.223891
Add:             9215.3     0.243912     0.208350     0.303636
Triad:           8459.9     0.529218     0.226953     2.728689
-------------------------------------------------------------
Solution Validates: avg error less than 1.000000e-13 on all three arrays
-------------------------------------------------------------
===== JOB END =====
