===== JOB START =====
Running stream | aocc | Threads=2
Loaded compiler: aocc
/opt/openmpi-aocc/bin/mpirun
CC=clang
Total cores: 2
OMP threads: 2
MPI procs: 1
-------------------------------------------------------------
STREAM version $Revision: 5.10 $
-------------------------------------------------------------
This system uses 8 bytes per array element.
-------------------------------------------------------------
Array size = 80000000 (elements), Offset = 0 (elements)
Memory per array = 610.4 MiB (= 0.6 GiB).
Total memory required = 1831.1 MiB (= 1.8 GiB).
Each kernel will be executed 10 times.
 The *best* time for each kernel (excluding the first iteration)
 will be used to compute the reported bandwidth.
-------------------------------------------------------------
Number of Threads requested = 2
Number of Threads counted = 2
-------------------------------------------------------------
Your clock granularity/precision appears to be 1 microseconds.
Each test below will take on the order of 146612 microseconds.
   (= 146612 clock ticks)
Increase the size of the arrays if this shows that
you are not getting at least 20 clock ticks per test.
-------------------------------------------------------------
WARNING -- The above is only a rough guideline.
For best results, please be sure you know the
precision of your system timer.
-------------------------------------------------------------
Function    Best Rate MB/s  Avg time     Min time     Max time
Copy:           11099.5     0.156971     0.115321     0.245541
Scale:           7366.3     0.240611     0.173764     0.312862
Add:             7993.9     0.312760     0.240183     0.349740
Triad:           8472.4     0.296160     0.226619     0.382413
-------------------------------------------------------------
Solution Validates: avg error less than 1.000000e-13 on all three arrays
-------------------------------------------------------------
===== JOB END =====
