===== JOB START =====
Running stream | aocc | Threads=1
Loaded compiler: aocc
/opt/openmpi-aocc/bin/mpirun
CC=clang
Total cores: 1
OMP threads: 1
MPI procs: 1
-------------------------------------------------------------
STREAM version $Revision: 5.10 $
-------------------------------------------------------------
This system uses 8 bytes per array element.
-------------------------------------------------------------
Array size = 80000000 (elements), Offset = 0 (elements)
Memory per array = 610.4 MiB (= 0.6 GiB).
Total memory required = 1831.1 MiB (= 1.8 GiB).
Each kernel will be executed 10 times.
 The *best* time for each kernel (excluding the first iteration)
 will be used to compute the reported bandwidth.
-------------------------------------------------------------
Number of Threads requested = 1
Number of Threads counted = 1
-------------------------------------------------------------
Your clock granularity/precision appears to be 1 microseconds.
Each test below will take on the order of 91106 microseconds.
   (= 91106 clock ticks)
Increase the size of the arrays if this shows that
you are not getting at least 20 clock ticks per test.
-------------------------------------------------------------
WARNING -- The above is only a rough guideline.
For best results, please be sure you know the
precision of your system timer.
-------------------------------------------------------------
Function    Best Rate MB/s  Avg time     Min time     Max time
Copy:           13779.5     0.093791     0.092892     0.095396
Scale:           9927.2     0.130320     0.128939     0.133546
Add:            11327.6     0.170779     0.169498     0.174681
Triad:          -2026.5     0.048852    -0.947439     0.178969
-------------------------------------------------------------
Solution Validates: avg error less than 1.000000e-13 on all three arrays
-------------------------------------------------------------
===== JOB END =====
