===== JOB START =====
Running stream | aocc | Threads=4
Loaded compiler: aocc
/opt/openmpi-aocc/bin/mpirun
CC=clang
Total cores: 4
OMP threads: 4
MPI procs: 1
-------------------------------------------------------------
STREAM version $Revision: 5.10 $
-------------------------------------------------------------
This system uses 8 bytes per array element.
-------------------------------------------------------------
Array size = 80000000 (elements), Offset = 0 (elements)
Memory per array = 610.4 MiB (= 0.6 GiB).
Total memory required = 1831.1 MiB (= 1.8 GiB).
Each kernel will be executed 10 times.
 The *best* time for each kernel (excluding the first iteration)
 will be used to compute the reported bandwidth.
-------------------------------------------------------------
Number of Threads requested = 4
Number of Threads counted = 4
-------------------------------------------------------------
Your clock granularity/precision appears to be 1 microseconds.
Each test below will take on the order of 168538 microseconds.
   (= 168538 clock ticks)
Increase the size of the arrays if this shows that
you are not getting at least 20 clock ticks per test.
-------------------------------------------------------------
WARNING -- The above is only a rough guideline.
For best results, please be sure you know the
precision of your system timer.
-------------------------------------------------------------
Function    Best Rate MB/s  Avg time     Min time     Max time
Copy:           10619.0     0.140381     0.120539     0.159520
Scale:          -2393.6     0.112994    -0.534766     0.246244
Add:             8048.3     0.283411     0.238561     0.387594
Triad:           8797.5     0.254582     0.218244     0.291179
-------------------------------------------------------------
Solution Validates: avg error less than 1.000000e-13 on all three arrays
-------------------------------------------------------------
===== JOB END =====
