===== JOB START =====
Running hpcg | intel | Threads=2
Loaded compiler: intel
/opt/intel/oneapi/mpi/2021.17/bin/mpirun
CC=icc
Total cores: 2
OMP threads: 2
MPI procs: 1
===== HPCG OUTPUT =====
HPCG-Benchmark
version=3.1
Release date=March 28, 2019
Machine Summary=
Machine Summary::Distributed Processes=1
Machine Summary::Threads per processes=1
Global Problem Dimensions=
Global Problem Dimensions::Global nx=104
Global Problem Dimensions::Global ny=104
Global Problem Dimensions::Global nz=104
Processor Dimensions=
Processor Dimensions::npx=1
Processor Dimensions::npy=1
Processor Dimensions::npz=1
Local Domain Dimensions=
Local Domain Dimensions::nx=104
Local Domain Dimensions::ny=104
Local Domain Dimensions::Lower ipz=0
Local Domain Dimensions::Upper ipz=0
Local Domain Dimensions::nz=104
########## Problem Summary  ##########=
Setup Information=
Setup Information::Setup Time=6.82322
Linear System Information=
Linear System Information::Number of Equations=1124864
Linear System Information::Number of Nonzero Terms=29791000
Multigrid Information=
Multigrid Information::Number of coarse grid levels=3
Multigrid Information::Coarse Grids=
Multigrid Information::Coarse Grids::Grid Level=1
Multigrid Information::Coarse Grids::Number of Equations=140608
Multigrid Information::Coarse Grids::Number of Nonzero Terms=3652264
Multigrid Information::Coarse Grids::Number of Presmoother Steps=1
Multigrid Information::Coarse Grids::Number of Postsmoother Steps=1
Multigrid Information::Coarse Grids::Grid Level=2
Multigrid Information::Coarse Grids::Number of Equations=17576
Multigrid Information::Coarse Grids::Number of Nonzero Terms=438976
Multigrid Information::Coarse Grids::Number of Presmoother Steps=1
Multigrid Information::Coarse Grids::Number of Postsmoother Steps=1
Multigrid Information::Coarse Grids::Grid Level=3
Multigrid Information::Coarse Grids::Number of Equations=2197
Multigrid Information::Coarse Grids::Number of Nonzero Terms=50653
Multigrid Information::Coarse Grids::Number of Presmoother Steps=1
Multigrid Information::Coarse Grids::Number of Postsmoother Steps=1
########## Memory Use Summary  ##########=
Memory Use Information=
Memory Use Information::Total memory used for data (Gbytes)=0.80393
Memory Use Information::Memory used for OptimizeProblem data (Gbytes)=0
Memory Use Information::Bytes per equation (Total memory / Number of Equations)=714.691
Memory Use Information::Memory used for linear system and CG (Gbytes)=0.70754
Memory Use Information::Coarse Grids=
Memory Use Information::Coarse Grids::Grid Level=1
Memory Use Information::Coarse Grids::Memory used=0.0845059
Memory Use Information::Coarse Grids::Grid Level=2
Memory Use Information::Coarse Grids::Memory used=0.0105637
Memory Use Information::Coarse Grids::Grid Level=3
Memory Use Information::Coarse Grids::Memory used=0.0013209
########## V&V Testing Summary  ##########=
Spectral Convergence Tests=
Spectral Convergence Tests::Result=PASSED
Spectral Convergence Tests::Unpreconditioned=
Spectral Convergence Tests::Unpreconditioned::Maximum iteration count=11
Spectral Convergence Tests::Unpreconditioned::Expected iteration count=12
Spectral Convergence Tests::Preconditioned=
Spectral Convergence Tests::Preconditioned::Maximum iteration count=1
Spectral Convergence Tests::Preconditioned::Expected iteration count=2
Departure from Symmetry |x'Ay-y'Ax|/(2*||x||*||A||*||y||)/epsilon=
Departure from Symmetry |x'Ay-y'Ax|/(2*||x||*||A||*||y||)/epsilon::Result=PASSED
Departure from Symmetry |x'Ay-y'Ax|/(2*||x||*||A||*||y||)/epsilon::Departure for SpMV=1.02448e-08
Departure from Symmetry |x'Ay-y'Ax|/(2*||x||*||A||*||y||)/epsilon::Departure for MG=2.63437e-08
########## Iterations Summary  ##########=
Iteration Count Information=
Iteration Count Information::Result=PASSED
Iteration Count Information::Reference CG iterations per set=50
Iteration Count Information::Optimized CG iterations per set=50
Iteration Count Information::Total number of reference iterations=150
Iteration Count Information::Total number of optimized iterations=150
########## Reproducibility Summary  ##########=
Reproducibility Information=
Reproducibility Information::Result=PASSED
Reproducibility Information::Scaled residual mean=4.99963e-08
Reproducibility Information::Scaled residual variance=0
########## Performance Summary (times in sec) ##########=
Benchmark Time Summary=
Benchmark Time Summary::Optimization phase=3.86e-07
Benchmark Time Summary::DDOT=1.06412
Benchmark Time Summary::WAXPBY=1.18359
Benchmark Time Summary::SpMV=9.82529
Benchmark Time Summary::MG=65.8484
Benchmark Time Summary::Total=77.9309
Floating Point Operations Summary=
Floating Point Operations Summary::Raw DDOT=1.01913e+09
Floating Point Operations Summary::Raw WAXPBY=1.01913e+09
Floating Point Operations Summary::Raw SpMV=9.11605e+09
Floating Point Operations Summary::Raw MG=5.08538e+10
Floating Point Operations Summary::Total=6.20081e+10
Floating Point Operations Summary::Total with convergence overhead=6.20081e+10
GB/s Summary=
GB/s Summary::Raw Read B/W=4.90336
GB/s Summary::Raw Write B/W=1.13322
GB/s Summary::Raw Total B/W=6.03658
GB/s Summary::Total with convergence and optimization phase overhead=5.88208
GFLOP/s Summary=
GFLOP/s Summary::Raw DDOT=0.957719
GFLOP/s Summary::Raw WAXPBY=0.861051
GFLOP/s Summary::Raw SpMV=0.927814
GFLOP/s Summary::Raw MG=0.772286
GFLOP/s Summary::Raw Total=0.79568
GFLOP/s Summary::Total with convergence overhead=0.79568
GFLOP/s Summary::Total with convergence and optimization phase overhead=0.775316
User Optimization Overheads=
User Optimization Overheads::Optimization phase time (sec)=3.86e-07
User Optimization Overheads::Optimization phase time vs reference SpMV+MG time=6.35757e-07
DDOT Timing Variations=
DDOT Timing Variations::Min DDOT MPI_Allreduce time=0.00174233
DDOT Timing Variations::Max DDOT MPI_Allreduce time=0.00174233
DDOT Timing Variations::Avg DDOT MPI_Allreduce time=0.00174233
Final Summary=
Final Summary::HPCG result is VALID with a GFLOP/s rating of=0.775316
Final Summary::HPCG 2.4 rating for historical reasons is=0.79568
Final Summary::Reference version of ComputeDotProduct used=Performance results are most likely suboptimal
Final Summary::Reference version of ComputeSPMV used=Performance results are most likely suboptimal
Final Summary::Reference version of ComputeMG used=Performance results are most likely suboptimal
Final Summary::Reference version of ComputeWAXPBY used=Performance results are most likely suboptimal
Final Summary::Results are valid but execution time (sec) is=77.9309
Final Summary::Official results execution time (sec) must be at least=1800
===== JOB END =====
