===== JOB START =====
Running hpl | intel | Threads=4
Loaded compiler: intel
/opt/intel/oneapi/mpi/2021.17/bin/mpirun
CC=icc
Total cores: 4
OMP threads: 4
MPI procs: 1
================================================================================
HPLinpack 2.3  --  High-Performance Linpack benchmark  --   December 2, 2018
Written by A. Petitet and R. Clint Whaley,  Innovative Computing Laboratory, UTK
Modified by Piotr Luszczek, Innovative Computing Laboratory, UTK
Modified by Julien Langou, University of Colorado Denver
================================================================================

An explanation of the input/output parameters follows:
T/V    : Wall time / encoded variant.
N      : The order of the coefficient matrix A.
NB     : The partitioning blocking factor.
P      : The number of process rows.
Q      : The number of process columns.
Time   : Time in seconds to solve the linear system.
Gflops : Rate of execution for solving the linear system.

The following parameter values will be used:

N      :   10000 
NB     :     256 
PMAP   : Row-major process mapping
P      :       1 
Q      :       1 
PFACT  :   Crout 
NBMIN  :       2 
NDIV   :       2 
RFACT  :   Crout 
BCAST  :   1ring 
DEPTH  :       0 
SWAP   : Mix (threshold = 64)
L1     : transposed form
U      : transposed form
EQUIL  : yes
ALIGN  : 8 double precision words

--------------------------------------------------------------------------------

- The matrix A is randomly generated for each test.
- The following scaled residual check will be computed:
      ||Ax-b||_oo / ( eps * ( || x ||_oo * || A ||_oo + || b ||_oo ) * N )
- The relative machine precision (eps) is taken to be               1.110223e-16
- Computational tests pass if scaled residuals are less than                16.0

Column=000000256 Fraction= 2.6% Gflops=3.978e+01
Column=000000512 Fraction= 5.1% Gflops=3.892e+01
Column=000000768 Fraction= 7.7% Gflops=3.986e+01
Column=000001024 Fraction=10.2% Gflops=4.023e+01
Column=000001280 Fraction=12.8% Gflops=4.013e+01
Column=000001536 Fraction=15.4% Gflops=4.016e+01
Column=000001792 Fraction=17.9% Gflops=4.034e+01
Column=000002048 Fraction=20.5% Gflops=4.039e+01
Column=000002304 Fraction=23.0% Gflops=4.037e+01
Column=000002560 Fraction=25.6% Gflops=4.037e+01
Column=000002816 Fraction=28.2% Gflops=4.041e+01
Column=000003072 Fraction=30.7% Gflops=4.044e+01
Column=000003328 Fraction=33.3% Gflops=4.042e+01
Column=000003584 Fraction=35.8% Gflops=4.041e+01
Column=000003840 Fraction=38.4% Gflops=4.038e+01
Column=000004096 Fraction=41.0% Gflops=4.030e+01
Column=000004352 Fraction=43.5% Gflops=4.024e+01
Column=000004608 Fraction=46.1% Gflops=4.024e+01
Column=000004864 Fraction=48.6% Gflops=4.025e+01
Column=000005120 Fraction=51.2% Gflops=4.025e+01
Column=000005376 Fraction=53.8% Gflops=4.022e+01
Column=000005632 Fraction=56.3% Gflops=4.018e+01
Column=000005888 Fraction=58.9% Gflops=4.015e+01
Column=000006144 Fraction=61.4% Gflops=4.012e+01
Column=000006400 Fraction=64.0% Gflops=4.009e+01
Column=000006656 Fraction=66.6% Gflops=4.007e+01
Column=000006912 Fraction=69.1% Gflops=4.005e+01
Column=000007168 Fraction=71.7% Gflops=4.001e+01
Column=000007424 Fraction=74.2% Gflops=4.000e+01
Column=000007680 Fraction=76.8% Gflops=3.998e+01
Column=000007936 Fraction=79.4% Gflops=3.996e+01
Column=000008192 Fraction=81.9% Gflops=3.996e+01
Column=000008448 Fraction=84.5% Gflops=3.995e+01
Column=000008704 Fraction=87.0% Gflops=3.994e+01
Column=000008960 Fraction=89.6% Gflops=3.992e+01
Column=000009216 Fraction=92.2% Gflops=3.992e+01
Column=000009472 Fraction=94.7% Gflops=3.991e+01
Column=000009728 Fraction=97.3% Gflops=3.990e+01
Column=000009984 Fraction=99.8% Gflops=3.990e+01
================================================================================
T/V                N    NB     P     Q               Time                 Gflops
--------------------------------------------------------------------------------
WR00C2C2       10000   256     1     1              16.74             3.9839e+01
HPL_pdgesv() start time Sun Apr 26 11:13:53 2026

HPL_pdgesv() end time   Sun Apr 26 11:14:10 2026

--VVV--VVV--VVV--VVV--VVV--VVV--VVV--VVV--VVV--VVV--VVV--VVV--VVV--VVV--VVV-
Max aggregated wall time rfact . . . :               0.56
+ Max aggregated wall time pfact . . :               0.11
+ Max aggregated wall time mxswp . . :               0.05
Max aggregated wall time update  . . :              16.14
+ Max aggregated wall time laswp . . :               0.73
Max aggregated wall time up tr sv  . :               0.03
--------------------------------------------------------------------------------
||Ax-b||_oo/(eps*(||A||_oo*||x||_oo+||b||_oo)*N)=   5.25242109e-03 ...... PASSED
================================================================================

Finished      1 tests with the following results:
              1 tests completed and passed residual checks,
              0 tests completed and failed residual checks,
              0 tests skipped because of illegal input values.
--------------------------------------------------------------------------------

End of Tests.
================================================================================
===== JOB END =====
